SPONGE Version:
    v1.4 2024-01-01

Sub-package:
    SPONGE, for normal molecular dynamics simulations

Citation:
    Huang, Y. - P., Xia, Y., Yang, L., Wei, J., Yang, Y.I.and Gao, Y.Q. (2022), SPONGE: A GPU - Accelerated Molecular Dynamics Package with Enhanced Sampling and AI - Driven Algorithms.Chin.J.Chem., 40 : 160 - 168. https ://doi.org/10.1002/cjoc.202100456


MD TASK NAME:
    example MD simulation

START INITIALIZING CONTROLLER
    Start initializing CUDA
        Compiled by CUDA 12.0
        1 device found:
            Device 0:
                Name: NVIDIA GeForce RTX 4090
                Memory: 47.4 GB
                Compute Capability: 89
        Set Device 0
    End initializing CUDA
    structure last modify date is 20231219
END INITIALIZING CONTROLLER

START INITIALIZING CV CONTROLLER:
CV CONTROLLER IS NOT INITIALIZING

START INITIALIZING MD CORE:
    Mode set to NPT
    dt set to 0.004000 ps
    Start reading mass:
    End reading mass

    Start reading charge:
    End reading charge

    Start reading coordinate_in_file:
        atom_numbers is 98282
        system start_time is 25.505000
        box_length is
            x: 208.428757
            y: 91.246689
            z: 84.406631
    End reading coordinate_in_file

    Start reading velocity_in_file:
    End reading velocity_in_file

    skin set to 2.00 Angstrom
    cutoff set to 8.00 Angstrom
    Start reading excluded list:
        excluded list total length is 196818
    End reading excluded list

    Start reading residue list:
        residue_numbers is 22394
    End reading residue list

    structure last modify date is 20211105
END INITIALIZING MD CORE

START INITIALIZING MIDDLE LANGEVIN DYNAMICS:
    atom_numbers is 98282
    target temperature is 300.00 K
    friction coefficient is 10.00 ps^-1
    random seed is 1109606592
    structure last modify date is 20210826
END INITIALIZING MIDDLE LANGEVIN DYNAMICS

START INITIALIZING LENNADR JONES INFORMATION:
    atom_numbers is 98282
    atom_LJ_type_number is 19
    Start initializing long range LJ correction
        long range correction factor is: -2.230767e+09
    End initializing long range LJ correction
    structure last modify date is 20210830
END INITIALIZING LENNADR JONES INFORMATION

START INITIALIZING FEP SOFT CORE FOR LJ AND COULOMB:
END INITIALIZING LENNADR JONES SOFT CORE INFORMATION

PAIRWISE FORCE IS NOT INITIALIZED

START INITIALIZING SOLVENT LJ:
    the number of solvent atoms is 85556 (started from Residue #1005)
    structure last modify date is 20230516
END INITIALIZING SOLVENT LJ

START INITIALIZING PME:
    fftx: 216
    ffty: 96
    fftz: 96
    beta: 0.348639
    structure last modify date is 20210831
END INITIALIZING PME

START INITIALIZING NB14 (nb14_in_file):
    non-bond 14 numbers is 32942
    structure last modify date is 20211222
END INITIALIZING NB14

LISTED FORCES IS NOT INITIALIZED

START INITIALIZING BOND (bond_in_file):
    bond_numbers is 76865
    structure last modify date is 20210830
END INITIALIZING BOND

START INITIALIZING BOND SOFT:
END INITIALIZING SOFT BOND

START INITIALIZING ANGLE (angle_in_file):
    angle_numbers is 22844
    structure last modify date is 20210830
END INITIALIZING ANGLE

UREY BRADLEY IS NOT INITIALIZED

START INITIALIZING DIHEDRAL (dihedral_in_file):
    dihedral_numbers is 43392
    structure last modify date is 20210830
END INITIALIZING DIHEDRAL

IMPROPER DIHEDRAL IS NOT INITIALIZED

START INITIALIZING CMAP:
CMAP IS NOT INITIALIZED

START INITIALIZING HARD WALL:
END INITIALIZING HARD WALL

SOFT WALLS ARE NOT INITIALIZED

RESTRAIN IS NOT INITIALIZED

START INITIALIZING RESTRAIN CV:
    0 CV(s) found for restrain
RESTRAIN CV IS NOT INITIALIZED

START INITIALIZING STEER CV:
    0 CV(s) found for steer
STEER CV IS NOT INITIALIZED

META1D IS NOT INITIALIZED

START INITIALIZING CONSTRAIN:
    constrain pair number is 70273
END INITIALIZING CONSTRAIN

START INITIALIZING SETTLE:
    rigid triangle numbers is 21389
    rigid pair numbers is 2408
    remaining simple constrain pair numbers is 3698
END INITIALIZING SETTLE

START INITIALIZING SHAKE:
    constrain iteration step is 25
    constrain step length is 1.00
END INITIALIZING SHAKE

START INITIALIZING ANDERSEN BAROSTAT:
    The target pressure is 1.00 bar
    The time constant tau is 1.000000 ps
    The compressibility constant is 0.000045 bar^-1
    The update interval is 10
    The piston mass is 0.013843 bar ps^2/A^3
    The initial dV_dt is 0.000000 A^3/(1/20.455 fs)
    structure last modify date is 20211029
END INITIALIZING ANDERSEN BAROSTAT

START INITIALIZING VIRTUAL ATOM
    Start reading virtual levels
        Virtual Atoms Max Level is 1
        Virtual Atoms Number is 21389
            FF Virtual Atoms Number is 21389
            CV Virtual Atoms Number is 0
    End reading virtual levels
    Start reading virtual type numbers in different levels
        Virutual level 0:
            Virtual type 2 atom numbers is 21389
    End reading virtual type numbers in different levels
    Start reading information for every virtual atom
    End reading information for every virtual atom
    structure last modify date is 20210830
END INITIALIZING VIRTUAL ATOM

START INITIALIZING NEIGHBOR LIST:
    grid dimension is 41 18 16
    structure last modify date is 20210826
END INITIALIZING NEIGHBOR LIST

------------------------------------------------------------------------------------------------------------
           step =             100,            time =          25.905,     temperature =          299.15, 
      potential =      -266989.81,              LJ =        37257.04,             PME =      -360095.25, 
        nb14_LJ =         2942.94,         nb14_EE =        33864.36,            bond =         2369.02, 
          angle =         6139.47,        dihedral =        10532.61,         density =          0.5008, 
       pressure =         -204.45,           dV_dt =         -122.41, 
------------------------------------------------------------------------------------------------------------
           step =             200,            time =          26.305,     temperature =          300.12, 
      potential =      -267476.38,              LJ =        37219.11,             PME =      -360645.75, 
        nb14_LJ =         2957.67,         nb14_EE =        33923.77,            bond =         2336.05, 
          angle =         6236.16,        dihedral =        10496.58,         density =          0.5012, 
       pressure =         -156.70,           dV_dt =         -202.88, 
------------------------------------------------------------------------------------------------------------
           step =             300,            time =          26.705,     temperature =          296.62, 
      potential =      -267370.19,              LJ =        36824.30,             PME =      -360158.00, 
        nb14_LJ =         2942.83,         nb14_EE =        33923.72,            bond =         2372.39, 
          angle =         6192.40,        dihedral =        10532.14,         density =          0.5019, 
       pressure =         -310.06,           dV_dt =         -282.41, 
------------------------------------------------------------------------------------------------------------
           step =             400,            time =          27.105,     temperature =          302.86, 
      potential =      -267455.41,              LJ =        37325.16,             PME =      -360741.75, 
        nb14_LJ =         2971.31,         nb14_EE =        33992.14,            bond =         2328.89, 
          angle =         6209.01,        dihedral =        10459.84,         density =          0.5030, 
       pressure =         -137.59,           dV_dt =         -484.71, 
------------------------------------------------------------------------------------------------------------
           step =             500,            time =          27.505,     temperature =          298.30, 
      potential =      -267820.00,              LJ =        37060.48,             PME =      -360869.50, 
        nb14_LJ =         2954.38,         nb14_EE =        33956.95,            bond =         2394.94, 
          angle =         6179.97,        dihedral =        10502.79,         density =          0.5044, 
       pressure =         -254.28,           dV_dt =         -616.16, 
------------------------------------------------------------------------------------------------------------
           step =             600,            time =          27.905,     temperature =          298.04, 
      potential =      -268275.47,              LJ =        37699.62,             PME =      -361820.75, 
        nb14_LJ =         2963.54,         nb14_EE =        33877.66,            bond =         2408.57, 
          angle =         6170.35,        dihedral =        10425.57,         density =          0.5060, 
       pressure =         -132.83,           dV_dt =         -643.54, 
------------------------------------------------------------------------------------------------------------
           step =             700,            time =          28.305,     temperature =          299.12, 
      potential =      -268643.59,              LJ =        37577.92,             PME =      -362050.50, 
        nb14_LJ =         2997.26,         nb14_EE =        33966.60,            bond =         2326.32, 
          angle =         6065.48,        dihedral =        10473.37,         density =          0.5076, 
       pressure =         -116.30,           dV_dt =         -681.54, 
------------------------------------------------------------------------------------------------------------
           step =             800,            time =          28.705,     temperature =          301.32, 
      potential =      -268608.53,              LJ =        37139.42,             PME =      -361629.50, 
        nb14_LJ =         2946.69,         nb14_EE =        33926.25,            bond =         2340.47, 
          angle =         6180.17,        dihedral =        10487.96,         density =          0.5093, 
       pressure =         -196.96,           dV_dt =         -728.12, 
------------------------------------------------------------------------------------------------------------
           step =             900,            time =          29.105,     temperature =          299.86, 
      potential =      -268570.28,              LJ =        37540.36,             PME =      -362194.75, 
        nb14_LJ =         3005.69,         nb14_EE =        33987.31,            bond =         2339.82, 
          angle =         6215.90,        dihedral =        10535.37,         density =          0.5113, 
       pressure =         -119.06,           dV_dt =         -698.56, 
------------------------------------------------------------------------------------------------------------
           step =            1000,            time =          29.505,     temperature =          297.35, 
      potential =      -269430.47,              LJ =        37890.03,             PME =      -363161.25, 
        nb14_LJ =         2991.89,         nb14_EE =        33831.35,            bond =         2338.77, 
          angle =         6175.51,        dihedral =        10503.21,         density =          0.5130, 
       pressure =          -25.14,           dV_dt =         -577.05, 
------------------------------------------------------------------------------------------------------------
Core Run Wall Time: 1.402564 seconds
Core Run Speed: 246.652252 ns/day
